## Week 4 Homework Submission File: Linux Systems Administration

### Step 1: Ensure/Double Check Permissions on Sensitive Files

1. Permissions on `/etc/shadow` should allow only `root` read and write access.

    - Command to inspect permissions: ls -l /etc/shadow

    - Command to set permissions (if needed):chmod u+rw,g=,o= shadow

2. Permissions on `/etc/gshadow` should allow only `root` read and write access.

    - Command to inspect permissions:ls -l gshadow

    - Command to set permissions (if needed):ls -l gshadow

3. Permissions on `/etc/group` should allow `root` read and write access, and allow everyone else read access only.

    - Command to inspect permissions:ls -l gshadow

    - Command to set permissions (if needed):ls -l gshadow

4. Permissions on `/etc/passwd` should allow `root` read and write access, and allow everyone else read access only.

    - Command to inspect permissions:ls -l gshadow

    - Command to set permissions (if needed):ls -l gshadow

### Step 2: Create User Accounts

1. Add user accounts for `sam`, `joe`, `amy`, `sara`, and `admin`.

    - Command to add each user account (include all five users):useradd sam
useradd joe
useradd amy
useradd sara
useradd admin


2. Ensure that only the `admin` has general sudo access.

    - Command to add `admin` to the `sudo` group: 

root@UbuntuDesktop:/etc# usermod -aG sudo admin
root@UbuntuDesktop:/etc# groups admin
admin : admin sudo


### Step 3: Create User Group and Collaborative Folder

1. Add an `engineers` group to the system.

    - Command to add group: groupadd engineers

root@UbuntuDesktop:/etc# getent group | grep engineers
engineers:x:1019:


2. Add users `sam`, `joe`, `amy`, and `sara` to the managed group.

    - Command to add users to `engineers` group (include all four users): usermod -aG engineers sam
i did it this way
vi /etc/group file
       engineers:x:1019:sara,joe,amy,sam

root@UbuntuDesktop:/etc# id sam
uid=1012(sam) gid=1014(sam) groups=1014(sam),1019(engineers)
root@UbuntuDesktop:/etc# id sara
uid=1015(sara) gid=1017(sara) groups=1017(sara),1019(engineers)
root@UbuntuDesktop:/etc# id joe
uid=1013(joe) gid=1015(joe) groups=1015(joe),1019(engineers)
root@UbuntuDesktop:/etc# id amy
uid=1014(amy) gid=1016(amy) groups=1016(amy),1019(engineers)
root@UbuntuDesktop:/etc# vi group



3. Create a shared folder for this group at `/home/engineers`.

    - Command to create the shared folder: mkdir /home/engineer


4. Change ownership on the new engineers' shared folder to the `engineers` group.

    - Command to change ownership of engineer's shared folder to engineer group: chgrp engineers /home/engineer/

root@UbuntuDesktop:/home# ls -l /home/

drwxr-xr-x  2 root       engineers  4096 Jul  4 09:17 engineer



### Step 4: Lynis Auditing

1. Command to install Lynis:apt-get install lynis

2. Command to see documentation and instructions: man lynis

3. Command to run an audit:lynis audit
 system

4. Provide a report from the Lynis output on what can be done to harden the system.

    - Screenshot of report output:


root@UbuntuDesktop:/home# lynis audit system

[ Lynis 2.6.2 ]

################################################################################
  Lynis comes with ABSOLUTELY NO WARRANTY. This is free software, and you are
  welcome to redistribute it under the terms of the GNU General Public License.
  See the LICENSE file for details about using this software.

  2007-2018, CISOfy - https://cisofy.com/lynis/
  Enterprise support available (compliance, plugins, interface and tools)
################################################################################


[+] Initializing program
------------------------------------
  - Detecting OS...                                           [ DONE ]
  - Checking profiles...                                      [ DONE ]

  ---------------------------------------------------
  Program version:           2.6.2
  Operating system:          Linux
  Operating system name:     Ubuntu Linux
  Operating system version:  18.04
  Kernel version:            5.0.0
  Hardware platform:         x86_64
  Hostname:                  UbuntuDesktop
  ---------------------------------------------------
  Profiles:                  /etc/lynis/default.prf
  Log file:                  /var/log/lynis.log
  Report file:               /var/log/lynis-report.dat
  Report version:            1.0
  Plugin directory:          /etc/lynis/plugins
  ---------------------------------------------------
  Auditor:                   [Not Specified]
  Language:                  en
  Test category:             all
  Test group:                all
  ---------------------------------------------------
  - Program update status...                                  [ WARNING ]

      ===============================================================================
        Lynis update available
      ===============================================================================

        Current version is more than 4 months old

        Current version : 262   Latest version : 305

        Please update to the latest version.
        New releases include additional features, bug fixes, tests, and baselines.

        Download the latest version:

        Packages (DEB/RPM) -  https://packages.cisofy.com
        Website (TAR)      -  https://cisofy.com/downloads/
        GitHub (source)    -  https://github.com/CISOfy/lynis

      ===============================================================================


[+] System Tools
------------------------------------
  - Scanning available tools...
  - Checking system binaries...

[+] Plugins (phase 1)
------------------------------------
 Note: plugins have more extensive tests and may take several minutes to complete
  
  - Plugin: debian
    [
[+] Debian Tests
------------------------------------
  - Checking for system binaries that are required by Debian Tests...
    - Checking /bin...                                        [ FOUND ]
    - Checking /sbin...                                       [ FOUND ]
    - Checking /usr/bin...                                    [ FOUND ]
    - Checking /usr/sbin...                                   [ FOUND ]
    - Checking /usr/local/bin...                              [ FOUND ]
    - Checking /usr/local/sbin...                             [ FOUND ]
  - Authentication:
    - PAM (Pluggable Authentication Modules):
      - libpam-tmpdir                                         [ Not Installed ]
      - libpam-usb                                            [ Not Installed ]
  - File System Checks:
    - DM-Crypt, Cryptsetup & Cryptmount:
  - Software:
    - apt-listbugs                                            [ Not Installed ]
    - apt-listchanges                                         [ Not Installed ]
    - checkrestart                                            [ Not Installed ]
    - needrestart                                             [ Not Installed ]
    - debsecan                                                [ Not Installed ]
    - debsums                                                 [ Not Installed ]
    - fail2ban                                                [ Not Installed ]
]

[+] Boot and services
------------------------------------
  - Service Manager                                           [ systemd ]
  - Checking UEFI boot                                        [ DISABLED ]
  - Checking presence GRUB2                                   [ FOUND ]
    - Checking for password protection                        [ WARNING ]
  - Check running services (systemctl)                        [ DONE ]
        Result: found 45 running services
  - Check enabled services at boot (systemctl)                [ DONE ]
        Result: found 70 enabled services
  - Check startup files (permissions)                         [ OK ]

[+] Kernel
------------------------------------
  - Checking default run level                                [ RUNLEVEL 5 ]
  - Checking CPU support (NX/PAE)
    CPU support: PAE and/or NoeXecute supported               [ FOUND ]
  - Checking kernel version and release                       [ DONE ]
  - Checking kernel type                                      [ DONE ]
  - Checking loaded kernel modules                            [ DONE ]
      Found 104 active modules
  - Checking Linux kernel configuration file                  [ FOUND ]
  - Checking default I/O kernel scheduler                     [ NOT FOUND ]
  - Checking for available kernel update                      [ OK ]
  - Checking core dumps configuration                         [ DISABLED ]
    - Checking setuid core dumps configuration                [ PROTECTED ]
  - Check if reboot is needed                                 [ NO ]

[+] Memory and Processes
------------------------------------
  - Checking /proc/meminfo                                    [ FOUND ]
  - Searching for dead/zombie processes                       [ OK ]
  - Searching for IO waiting processes                        [ OK ]

[+] Users, Groups and Authentication
------------------------------------
  - Administrator accounts                                    [ OK ]
  - Unique UIDs                                               [ OK ]
  - Consistency of group files (grpck)                        [ WARNING ]
  - Unique group IDs                                          [ OK ]
  - Unique group names                                        [ OK ]
  - Password file consistency                                 [ OK ]
  - Query system users (non daemons)                          [ DONE ]
  - NIS+ authentication support                               [ NOT ENABLED ]
  - NIS authentication support                                [ NOT ENABLED ]
  - sudoers file                                              [ FOUND ]
    - Check sudoers file permissions                          [ OK ]
  - PAM password strength tools                               [ SUGGESTION ]
  - PAM configuration files (pam.conf)                        [ FOUND ]
  - PAM configuration files (pam.d)                           [ FOUND ]
  - PAM modules                                               [ FOUND ]
  - LDAP module in PAM                                        [ NOT FOUND ]
  - Accounts without expire date                              [ OK ]
  - Accounts without password                                 [ OK ]
  - Checking user password aging (minimum)                    [ DISABLED ]
  - User password aging (maximum)                             [ DISABLED ]
  - Checking expired passwords                                [ OK ]
  - Checking Linux single user mode authentication            [ WARNING ]
  - Determining default umask
    - umask (/etc/profile)                                    [ NOT FOUND ]
    - umask (/etc/login.defs)                                 [ SUGGESTION ]
  - LDAP authentication support                               [ NOT ENABLED ]
  - Logging failed login attempts                             [ ENABLED ]

[+] Shells
------------------------------------
  - Checking shells from /etc/shells
    Result: found 4 shells (valid shells: 4).
    - Session timeout settings/tools                          [ NONE ]
  - Checking default umask values
    - Checking default umask in /etc/bash.bashrc              [ NONE ]
    - Checking default umask in /etc/profile                  [ NONE ]

[+] File systems
------------------------------------
  - Checking mount points
    - Checking /home mount point                              [ SUGGESTION ]
    - Checking /tmp mount point                               [ SUGGESTION ]
    - Checking /var mount point                               [ SUGGESTION ]
  - Query swap partitions (fstab)                             [ OK ]
  - Testing swap partitions                                   [ OK ]
  - Checking for old files in /tmp                            [ OK ]
  - Checking /tmp sticky bit                                  [ OK ]
  - Checking /var/tmp sticky bit                              [ OK ]
  - ACL support root file system                              [ ENABLED ]
  - Mount options of /                                        [ NON DEFAULT ]
  - Checking Locate database                                  [ FOUND ]
  - Disable kernel support of some filesystems
    - Discovered kernel modules: cramfs freevxfs hfs hfsplus jffs2 udf 

[+] USB Devices
------------------------------------
  - Checking usb-storage driver (modprobe config)             [ NOT DISABLED ]
  - Checking USB devices authorization                        [ ENABLED ]
  - Checking USBGuard                                         [ NOT FOUND ]

[+] Storage
------------------------------------
  - Checking firewire ohci driver (modprobe config)           [ DISABLED ]

[+] NFS
------------------------------------
  - Check running NFS daemon                                  [ NOT FOUND ]

[+] Name services
------------------------------------
  - Searching DNS domain name                                 [ UNKNOWN ]
  - Checking /etc/hosts
    - Checking /etc/hosts (duplicates)                        [ OK ]
    - Checking /etc/hosts (hostname)                          [ OK ]
    - Checking /etc/hosts (localhost)                         [ OK ]
    - Checking /etc/hosts (localhost to IP)                   [ OK ]

[+] Ports and packages
------------------------------------
  - Searching package managers
    - Searching dpkg package manager                          [ FOUND ]
      - Querying package manager
    - Query unpurged packages                                 [ FOUND ]
  - Checking security repository in sources.list file         [ OK ]
  - Checking APT package database                             [ OK ]
  - Checking vulnerable packages                              [ WARNING ]
  - Checking upgradeable packages                             [ SKIPPED ]
  - Checking package audit tool                               [ INSTALLED ]
    Found: apt-get

[+] Networking
------------------------------------
  - Checking IPv6 configuration                               [ ENABLED ]
      Configuration method                                    [ AUTO ]
      IPv6 only                                               [ NO ]
  - Checking configured nameservers
    - Testing nameservers
        Nameserver: 8.8.8.8                                   [ OK ]
        Nameserver: 127.0.0.53                                [ OK ]
    - Minimal of 2 responsive nameservers                     [ OK ]
  - Checking default gateway                                  [ DONE ]
  - Getting listening ports (TCP/UDP)                         [ DONE ]
      * Found 39 ports
  - Checking promiscuous interfaces                           [ OK ]
  - Checking waiting connections                              [ OK ]
  - Checking status DHCP client                               [ RUNNING ]
  - Checking for ARP monitoring software                      [ NOT FOUND ]

[+] Printers and Spools
------------------------------------
  - Checking cups daemon                                      [ RUNNING ]
  - Checking CUPS configuration file                          [ OK ]
    - File permissions                                        [ WARNING ]
  - Checking CUPS addresses/sockets                           [ FOUND ]
  - Checking lp daemon                                        [ NOT RUNNING ]

[+] Software: e-mail and messaging
------------------------------------
  - Postfix status                                            [ RUNNING ]
    - Postfix configuration                                   [ FOUND ]
      - Postfix banner                                        [ WARNING ]
  - Dovecot status                                            [ RUNNING ]

[+] Software: firewalls
------------------------------------
  - Checking iptables kernel module                           [ FOUND ]
    - Checking iptables policies of chains                    [ FOUND ]
      - Checking chain INPUT (table: filter, policy )         [ other ]
    - Checking for empty ruleset                              [ OK ]
    - Checking for unused rules                               [ FOUND ]
  - Checking host based firewall                              [ ACTIVE ]

[+] Software: webserver
------------------------------------
  - Checking Apache (binary /usr/sbin/apache2)                [ FOUND ]
      Info: Configuration file found (/etc/apache2/apache2.conf)
      Info: No virtual hosts found
    * Loadable modules                                        [ FOUND (114) ]
        - Found 114 loadable modules
          mod_evasive: anti-DoS/brute force                   [ NOT FOUND ]
          mod_reqtimeout/mod_qos                              [ FOUND ]
          ModSecurity: web application firewall               [ NOT FOUND ]
  - Checking nginx                                            [ FOUND ]
    - Searching nginx configuration file                      [ FOUND ]
      - Found nginx includes                                  [ 7 FOUND ]
    - Parsing configuration options
        - /etc/nginx/nginx.conf
        - /etc/nginx/modules-enabled/50-mod-http-geoip.conf
        - /etc/nginx/modules-enabled/50-mod-http-image-filter.conf
        - /etc/nginx/modules-enabled/50-mod-http-xslt-filter.conf
        - /etc/nginx/modules-enabled/50-mod-mail.conf
        - /etc/nginx/modules-enabled/50-mod-stream.conf
        - /etc/nginx/sites-enabled/default
      - SSL configured                                        [ NO ]
      - Checking log file configuration
        - Missing log files (access_log)                      [ NO ]
        - Disabled access logging                             [ NO ]
        - Missing log files (error_log)                       [ NO ]
        - Debugging mode on error_log                         [ NO ]

[+] SSH Support
------------------------------------
  - Checking running SSH daemon                               [ FOUND ]
    - Searching SSH configuration                             [ FOUND ]
    - SSH option: AllowTcpForwarding                          [ SUGGESTION ]
    - SSH option: ClientAliveCountMax                         [ SUGGESTION ]
    - SSH option: ClientAliveInterval                         [ OK ]
    - SSH option: Compression                                 [ SUGGESTION ]
    - SSH option: FingerprintHash                             [ OK ]
    - SSH option: GatewayPorts                                [ OK ]
    - SSH option: IgnoreRhosts                                [ OK ]
    - SSH option: LoginGraceTime                              [ OK ]
    - SSH option: LogLevel                                    [ SUGGESTION ]
    - SSH option: MaxAuthTries                                [ SUGGESTION ]
    - SSH option: MaxSessions                                 [ SUGGESTION ]
    - SSH option: PermitRootLogin                             [ SUGGESTION ]
    - SSH option: PermitUserEnvironment                       [ OK ]
    - SSH option: PermitTunnel                                [ OK ]
    - SSH option: Port                                        [ SUGGESTION ]
    - SSH option: PrintLastLog                                [ OK ]
    - SSH option: Protocol                                    [ NOT FOUND ]
    - SSH option: StrictModes                                 [ OK ]
    - SSH option: TCPKeepAlive                                [ SUGGESTION ]
    - SSH option: UseDNS                                      [ OK ]
    - SSH option: UsePrivilegeSeparation                      [ NOT FOUND ]
    - SSH option: VerifyReverseMapping                        [ NOT FOUND ]
    - SSH option: X11Forwarding                               [ SUGGESTION ]
    - SSH option: AllowAgentForwarding                        [ SUGGESTION ]
    - SSH option: AllowUsers                                  [ NOT FOUND ]
    - SSH option: AllowGroups                                 [ NOT FOUND ]

[+] SNMP Support
------------------------------------
  - Checking running SNMP daemon                              [ NOT FOUND ]

[+] Databases
------------------------------------
    No database engines found

[+] LDAP Services
------------------------------------
  - Checking OpenLDAP instance                                [ NOT FOUND ]

[+] PHP
------------------------------------
  - Checking PHP                                              [ NOT FOUND ]

[+] Squid Support
------------------------------------
  - Checking running Squid daemon                             [ NOT FOUND ]

[+] Logging and files
------------------------------------
  - Checking for a running log daemon                         [ OK ]
    - Checking Syslog-NG status                               [ NOT FOUND ]
    - Checking systemd journal status                         [ FOUND ]
    - Checking Metalog status                                 [ NOT FOUND ]
    - Checking RSyslog status                                 [ FOUND ]
    - Checking RFC 3195 daemon status                         [ NOT FOUND ]
    - Checking minilogd instances                             [ NOT FOUND ]
  - Checking logrotate presence                               [ OK ]
  - Checking log directories (static list)                    [ DONE ]
  - Checking open log files                                   [ DONE ]
  - Checking deleted files in use                             [ FILES FOUND ]

[+] Insecure services
------------------------------------
  - Checking inetd status                                     [ NOT ACTIVE ]

[+] Banners and identification
------------------------------------
  - /etc/issue                                                [ FOUND ]
    - /etc/issue contents                                     [ WEAK ]
  - /etc/issue.net                                            [ FOUND ]
    - /etc/issue.net contents                                 [ WEAK ]

[+] Scheduled tasks
------------------------------------
  - Checking crontab/cronjob                                  [ DONE ]

[+] Accounting
------------------------------------
  - Checking accounting information                           [ NOT FOUND ]
  - Checking sysstat accounting data                          [ NOT FOUND ]
  - Checking auditd                                           [ NOT FOUND ]

[+] Time and Synchronization
------------------------------------

[+] Cryptography
------------------------------------
  - Checking for expired SSL certificates [0/4]               [ NONE ]

[+] Virtualization
------------------------------------

[+] Containers
------------------------------------
    - Docker
      - Docker daemon                                         [ RUNNING ]
        - Docker info output (warnings)                       [ 1 ]
      - Containers
        - Total containers                                    [ 0 ]
    - File permissions                                        [ OK ]

[+] Security frameworks
------------------------------------
  - Checking presence AppArmor                                [ FOUND ]
    - Checking AppArmor status                                [ ENABLED ]
  - Checking presence SELinux                                 [ NOT FOUND ]
  - Checking presence grsecurity                              [ NOT FOUND ]
  - Checking for implemented MAC framework                    [ OK ]

[+] Software: file integrity
------------------------------------
  - Checking file integrity tools
    - Tripwire                                                [ FOUND ]
  - Checking presence integrity tool                          [ FOUND ]

[+] Software: System tooling
------------------------------------
  - Checking automation tooling
    - Ansible artifact                                        [ FOUND ]
  - Automation tooling                                        [ FOUND ]
  - Checking for IDS/IPS tooling                              [ NONE ]

[+] Software: Malware
------------------------------------
  - Checking chkrootkit                                       [ FOUND ]

[+] File Permissions
------------------------------------
  - Starting file permissions check

[+] Home directories
------------------------------------
  - Checking shell history files                              [ OK ]

[+] Kernel Hardening
------------------------------------
  - Comparing sysctl key pairs with scan profile
    - fs.protected_hardlinks (exp: 1)                         [ OK ]
    - fs.protected_symlinks (exp: 1)                          [ OK ]
    - fs.suid_dumpable (exp: 0)                               [ DIFFERENT ]
    - kernel.core_uses_pid (exp: 1)                           [ DIFFERENT ]
    - kernel.ctrl-alt-del (exp: 0)                            [ OK ]
    - kernel.dmesg_restrict (exp: 1)                          [ DIFFERENT ]
    - kernel.kptr_restrict (exp: 2)                           [ DIFFERENT ]
    - kernel.randomize_va_space (exp: 2)                      [ OK ]
    - kernel.sysrq (exp: 0)                                   [ DIFFERENT ]
    - kernel.yama.ptrace_scope (exp: 1 2 3)                   [ OK ]
    - net.ipv4.conf.all.accept_redirects (exp: 0)             [ OK ]
    - net.ipv4.conf.all.accept_source_route (exp: 0)          [ OK ]
    - net.ipv4.conf.all.bootp_relay (exp: 0)                  [ OK ]
    - net.ipv4.conf.all.forwarding (exp: 0)                   [ DIFFERENT ]
    - net.ipv4.conf.all.log_martians (exp: 1)                 [ DIFFERENT ]
    - net.ipv4.conf.all.mc_forwarding (exp: 0)                [ OK ]
    - net.ipv4.conf.all.proxy_arp (exp: 0)                    [ OK ]
    - net.ipv4.conf.all.rp_filter (exp: 1)                    [ OK ]
    - net.ipv4.conf.all.send_redirects (exp: 0)               [ DIFFERENT ]
    - net.ipv4.conf.default.accept_redirects (exp: 0)         [ DIFFERENT ]
    - net.ipv4.conf.default.accept_source_route (exp: 0)      [ DIFFERENT ]
    - net.ipv4.conf.default.log_martians (exp: 1)             [ DIFFERENT ]
    - net.ipv4.icmp_echo_ignore_broadcasts (exp: 1)           [ OK ]
    - net.ipv4.icmp_ignore_bogus_error_responses (exp: 1)     [ OK ]
    - net.ipv4.tcp_syncookies (exp: 1)                        [ OK ]
    - net.ipv4.tcp_timestamps (exp: 0 1)                      [ OK ]
    - net.ipv6.conf.all.accept_redirects (exp: 0)             [ DIFFERENT ]
    - net.ipv6.conf.all.accept_source_route (exp: 0)          [ OK ]
    - net.ipv6.conf.default.accept_redirects (exp: 0)         [ DIFFERENT ]
    - net.ipv6.conf.default.accept_source_route (exp: 0)      [ OK ]

[+] Hardening
------------------------------------
    - Installed compiler(s)                                   [ FOUND ]
    - Installed malware scanner                               [ FOUND ]

[+] Custom Tests
------------------------------------
  - Running custom tests...                                   [ NONE ]

[+] Plugins (phase 2)
------------------------------------



### Bonus
1. Command to install chkrootkit: apt-get install chkrootkit


2. Command to see documentation and instructions: man chkrootkit

3. Command to run expert mode: chkrootkit -x 

4. Provide a report from the chrootkit output on what can be done to harden the system.
    - Screenshot of end of sample output:
root@UbuntuDesktop:/var/log# chkrootkit -x | more
ROOTDIR is `/'
not found
###
### Output of: /usr/bin/strings -a /usr/bin/basename
###
/lib64/ld-linux-x86-64.so.2
libc.so.6
fflush
__printf_chk
setlocale
mbrtowc
strncmp
optind
strrchr
dcgettext
error
__stack_chk_fail
iswprint
realloc
abort
_exit
program_invocation_name
__ctype_get_mb_cur_max
calloc
strlen
ungetc
memset
__errno_location
memcmp
strndup
__fprintf_chk
stdout
lseek
memcpy
fclose
malloc
mbsinit
__uflow
nl_langinfo
__ctype_b_loc
getenv
optarg
__freading
stderr
fscanf
getopt_long
fileno
fwrite

---
Â© 2020 Trilogy Education Services, a 2U, Inc. brand. All Rights Reserved.
